<html>
<body>
<pre>
<h1>µVision Build Log</h1>
<h2>Project:</h2>
C:\Users\scobb_000\Documents\445L\Lab3\ST7735.uvproj
Project File Date:  02/10/2015

<h2>Output:</h2>
Build target 'ST7735'
compiling ST7735TestMain.c...
ST7735_Line.h(21): warning:  #1-D: last line of file ends without a newline
  #endif
ST7735TestMain.c: 1 warning, 0 errors
linking...
Program Size: Code=2392 RO-data=2052 RW-data=44 ZI-data=1028  
".\ST7735.axf" - 0 Error(s), 1 Warning(s).
Load "C:\\Users\\scobb_000\\Documents\\445L\\Lab3\\ST7735.axf" 
Connecting: Mode=JTAG, Speed=1000000Hz
Erase Done.
Programming Done.
Verify OK.
</pre>
</body>
</html>
 file
Error: Flash Download failed  -  Could not load file 'C:\Users\scobb_000\Documents\445L\Lab3\ST7735.axf'
